
> sever@0.0.1 test
> jest --config jest.json src/modules/topic-sense/topic-sense.service.spec.ts

node.exe : FAIL 
src/modules/topic-sense/topic-sense.service.spec.ts
At C:\nvm4w\nodejs\npm.ps1:29 char:3
+   & $NODE_EXE $NPM_CLI_JS $args
+   ~~~~~~~~~~~~~~~~~~~~~~~~~~~~~
    + CategoryInfo          : NotSpecified: (FAIL src/module.. 
   .service.spec.ts:String) [], RemoteException
    + FullyQualifiedErrorId : NativeCommandError
 
  ΓùÅ Test suite failed to run

    Cannot find module '@app/request' from 
'core/database/repositories/unit-of-work.ts'

    Require stack:
      core/database/repositories/unit-of-work.ts
      core/database/repositories/index.ts
      core/database/entities/account.entity.ts
      core/database/entities/index.ts
      modules/topic-sense/topic-sense.service.spec.ts

    [0m [90m 13 |[39m   [33mWordSenseEntity[39m[33m,[39m
     [90m 14 |[39m } [36mfrom[39m 
[32m'@app/entities'[39m[33m;[39m
    [31m[1m>[22m[39m[90m 15 |[39m [36mimport[39m { 
[33mRequestContextService[39m } [36mfrom[39m 
[32m'@app/request'[39m[33m;[39m
     [90m    |[39m [31m[1m^[22m[39m
     [90m 16 |[39m [36mimport[39m { 
[33mEntityManager[39m } [36mfrom[39m 
[32m'@mikro-orm/postgresql'[39m[33m;[39m
     [90m 17 |[39m [36mimport[39m { 
[33mWorkspaceEntity[39m } [36mfrom[39m 
[32m'../entities/workspace.entity'[39m[33m;[39m
     [90m 18 |[39m [36mimport[39m { 
[33mAccountRepository[39m } [36mfrom[39m 
[32m'./account.repository'[39m[33m;[39m[0m

      at Resolver._throwModNotFoundError 
(../node_modules/jest-resolve/build/index.js:863:11)
      at Object.<anonymous> 
(core/database/repositories/unit-of-work.ts:15:1)
      at Object.<anonymous> 
(core/database/repositories/index.ts:12:1)
      at Object.<anonymous> 
(core/database/entities/account.entity.ts:1:1)
      at Object.<anonymous> 
(core/database/entities/index.ts:1:1)
      at Object.<anonymous> 
(modules/topic-sense/topic-sense.service.spec.ts:5:1)

Test Suites: 1 failed, 1 total
Tests:       0 total
Snapshots:   0 total
Time:        0.692 s
Ran all test suites matching 
src/modules/topic-sense/topic-sense.service.spec.ts.
